测试中文输出成功
